{
  "name": "basic-customs-and-trade-test",
  "pack": "packs/legal/GLOBAL/customs-and-trade",
  "facts": [
    { "form": "(example-predicate test-item)" },
    { "form": "(example-condition test-item test-value)" }
  ],
  "query": "(begin (run))",
  "expected": "TODO"
}
