{
  "name": "basic-maritime-and-admiralty-test",
  "pack": "packs/legal/PH/maritime-and-admiralty",
  "facts": [
    { "form": "(example-predicate test-item)" },
    { "form": "(example-condition test-item test-value)" }
  ],
  "query": "(begin (run))",
  "expected": "TODO"
}
