{
  "name": "basic-telecommunications-and-ict-test",
  "pack": "packs/legal/PH/telecommunications-and-ict",
  "facts": [
    { "form": "(example-predicate test-item)" },
    { "form": "(example-condition test-item test-value)" }
  ],
  "query": "(begin (run))",
  "expected": "TODO"
}
