{
  "name": "basic-competition-and-antitrust-test",
  "pack": "packs/legal/PH/competition-and-antitrust",
  "facts": [
    { "form": "(example-predicate test-item)" },
    { "form": "(example-condition test-item test-value)" }
  ],
  "query": "(begin (run))",
  "expected": "TODO"
}
