{
  "name": "basic-banking-finance-securities-test",
  "pack": "packs/legal/PH/banking-finance-securities",
  "facts": [
    { "form": "(example-predicate test-item)" },
    { "form": "(example-condition test-item test-value)" }
  ],
  "query": "(begin (run))",
  "expected": "TODO"
}
