{
  "name": "basic-mining-and-natural-resources-test",
  "pack": "packs/legal/PH/mining-and-natural-resources",
  "facts": [
    { "form": "(example-predicate test-item)" },
    { "form": "(example-condition test-item test-value)" }
  ],
  "query": "(begin (run))",
  "expected": "TODO"
}
