{
  "name": "basic-constitutional-law-test",
  "pack": "packs/legal/GLOBAL/constitutional-law",
  "facts": [
    { "form": "(example-predicate test-item)" },
    { "form": "(example-condition test-item test-value)" }
  ],
  "query": "(begin (run))",
  "expected": "TODO"
}
