{
  "name": "basic-land-and-real-estate-test",
  "pack": "packs/legal/PH/land-and-real-estate",
  "facts": [
    { "form": "(example-predicate test-item)" },
    { "form": "(example-condition test-item test-value)" }
  ],
  "query": "(begin (run))",
  "expected": "TODO"
}
