{
  "name": "basic-transportation-and-aviation-test",
  "pack": "packs/legal/GLOBAL/transportation-and-aviation",
  "facts": [
    { "form": "(example-predicate test-item)" },
    { "form": "(example-condition test-item test-value)" }
  ],
  "query": "(begin (run))",
  "expected": "TODO"
}
