{
  "name": "basic-labor-and-employment-test",
  "pack": "packs/legal/PH/labor-and-employment",
  "facts": [
    { "form": "(example-predicate test-item)" },
    { "form": "(example-condition test-item test-value)" }
  ],
  "query": "(begin (run))",
  "expected": "TODO"
}
