{
  "name": "basic-consumer-protection-test",
  "pack": "packs/legal/PH/consumer-protection",
  "facts": [
    { "form": "(example-predicate test-item)" },
    { "form": "(example-condition test-item test-value)" }
  ],
  "query": "(begin (run))",
  "expected": "TODO"
}
