{
  "name": "basic-torts-and-damages-test",
  "pack": "packs/legal/GLOBAL/civil-law/torts-and-damages",
  "facts": [
    { "form": "(example-predicate test-item)" },
    { "form": "(example-condition test-item test-value)" }
  ],
  "query": "(begin (run))",
  "expected": "TODO"
}
