{
  "name": "basic-commercial-and-corporate-test",
  "pack": "packs/legal/GLOBAL/commercial-and-corporate",
  "facts": [
    { "form": "(example-predicate test-item)" },
    { "form": "(example-condition test-item test-value)" }
  ],
  "query": "(begin (run))",
  "expected": "TODO"
}
